2026-02-18 14:51:21 [main] INFO  com.revhire.repository.UserRepositoryTest - Starting UserRepositoryTest using Java 21.0.9 with PID 20064 (started by Admin in C:\Users\Admin\Downloads\RevHire_Phase2)
2026-02-18 14:51:21 [main] DEBUG com.revhire.repository.UserRepositoryTest - Running with Spring Boot v3.3.2, Spring v6.1.11
2026-02-18 14:51:21 [main] INFO  com.revhire.repository.UserRepositoryTest - No active profile set, falling back to 1 default profile: "default"
2026-02-18 14:51:28 [main] INFO  com.revhire.repository.UserRepositoryTest - Started UserRepositoryTest in 7.634 seconds (process running for 9.43)
2026-02-18 14:51:29 [main] INFO  com.revhire.service.ApplicationService - Shortlisting applicationId=1
2026-02-18 14:51:29 [main] INFO  com.revhire.service.ApplicationService - Application 1 shortlisted for job 'Java Developer'
2026-02-18 14:51:29 [main] INFO  com.revhire.service.ApplicationService - Notification sent to userId=null
2026-02-18 14:51:29 [main] INFO  com.revhire.service.ApplicationService - Shortlisting applicationId=99
2026-02-18 14:51:29 [main] ERROR com.revhire.service.ApplicationService - Application not found for id=99
2026-02-18 14:52:27 [main] INFO  com.revhire.repository.UserRepositoryTest - Starting UserRepositoryTest using Java 21.0.9 with PID 9708 (started by Admin in C:\Users\Admin\Downloads\RevHire_Phase2)
2026-02-18 14:52:27 [main] DEBUG com.revhire.repository.UserRepositoryTest - Running with Spring Boot v3.3.2, Spring v6.1.11
2026-02-18 14:52:27 [main] INFO  com.revhire.repository.UserRepositoryTest - No active profile set, falling back to 1 default profile: "default"
2026-02-18 14:52:33 [main] INFO  com.revhire.repository.UserRepositoryTest - Started UserRepositoryTest in 5.853 seconds (process running for 7.379)
2026-02-18 14:52:34 [main] INFO  com.revhire.service.ApplicationService - Shortlisting applicationId=1
2026-02-18 14:52:34 [main] INFO  com.revhire.service.ApplicationService - Application 1 shortlisted for job 'Java Developer'
2026-02-18 14:52:34 [main] INFO  com.revhire.service.ApplicationService - Notification sent to userId=null
2026-02-18 14:52:34 [main] INFO  com.revhire.service.ApplicationService - Shortlisting applicationId=99
2026-02-18 14:52:34 [main] ERROR com.revhire.service.ApplicationService - Application not found for id=99
2026-02-18 15:01:22 [main] INFO  com.revhire.repository.UserRepositoryTest - Starting UserRepositoryTest using Java 21.0.9 with PID 9660 (started by Admin in C:\Users\Admin\Downloads\RevHire_Phase2)
2026-02-18 15:01:22 [main] DEBUG com.revhire.repository.UserRepositoryTest - Running with Spring Boot v3.3.2, Spring v6.1.11
2026-02-18 15:01:22 [main] INFO  com.revhire.repository.UserRepositoryTest - No active profile set, falling back to 1 default profile: "default"
2026-02-18 15:01:31 [main] INFO  com.revhire.repository.UserRepositoryTest - Started UserRepositoryTest in 9.235 seconds (process running for 11.618)
2026-02-18 15:01:32 [main] INFO  com.revhire.service.ApplicationService - Shortlisting applicationId=1
2026-02-18 15:01:32 [main] INFO  com.revhire.service.ApplicationService - Application 1 shortlisted for job 'Java Developer'
2026-02-18 15:01:32 [main] INFO  com.revhire.service.ApplicationService - Notification sent to userId=null
2026-02-18 15:01:32 [main] INFO  com.revhire.service.ApplicationService - Shortlisting applicationId=99
2026-02-18 15:01:32 [main] ERROR com.revhire.service.ApplicationService - Application not found for id=99
2026-02-18 15:05:03 [main] INFO  com.revhire.repository.UserRepositoryTest - Starting UserRepositoryTest using Java 21.0.9 with PID 17320 (started by Admin in C:\Users\Admin\Downloads\RevHire_Phase2)
2026-02-18 15:05:03 [main] DEBUG com.revhire.repository.UserRepositoryTest - Running with Spring Boot v3.3.2, Spring v6.1.11
2026-02-18 15:05:03 [main] INFO  com.revhire.repository.UserRepositoryTest - No active profile set, falling back to 1 default profile: "default"
2026-02-18 15:05:11 [main] INFO  com.revhire.repository.UserRepositoryTest - Started UserRepositoryTest in 8.532 seconds (process running for 10.193)
2026-02-18 15:05:14 [main] INFO  com.revhire.service.ApplicationService - Shortlisting applicationId=1
2026-02-18 15:05:14 [main] INFO  com.revhire.service.ApplicationService - Application 1 shortlisted for job 'Java Developer'
2026-02-18 15:05:14 [main] INFO  com.revhire.service.ApplicationService - Notification sent to userId=null
2026-02-18 15:05:14 [main] INFO  com.revhire.service.ApplicationService - Shortlisting applicationId=99
2026-02-18 15:05:14 [main] ERROR com.revhire.service.ApplicationService - Application not found for id=99
2026-02-18 15:05:36 [main] INFO  com.revhire.RevHireApplication - Starting RevHireApplication using Java 21.0.9 with PID 7324 (C:\Users\Admin\Downloads\RevHire_Phase2\target\classes started by Admin in C:\Users\Admin\Downloads\RevHire_Phase2)
2026-02-18 15:05:36 [main] DEBUG com.revhire.RevHireApplication - Running with Spring Boot v3.3.2, Spring v6.1.11
2026-02-18 15:05:36 [main] INFO  com.revhire.RevHireApplication - No active profile set, falling back to 1 default profile: "default"
2026-02-18 15:05:40 [main] INFO  com.revhire.RevHireApplication - Started RevHireApplication in 4.24 seconds (process running for 4.839)
2026-02-18 15:12:41 [http-nio-8080-exec-5] INFO  com.revhire.service.ApplicationService - Applying for jobId=1 by userId=2
2026-02-18 15:12:41 [http-nio-8080-exec-5] INFO  com.revhire.service.ApplicationService - Application created with applicationId=1
2026-02-18 15:13:07 [http-nio-8080-exec-4] INFO  com.revhire.service.ApplicationService - Fetching applications for jobId=1
2026-02-18 15:13:46 [http-nio-8080-exec-9] INFO  com.revhire.service.ApplicationService - Shortlisting applicationId=1
2026-02-18 15:13:46 [http-nio-8080-exec-9] INFO  com.revhire.service.ApplicationService - Application 1 shortlisted for job 'Java Developer'
2026-02-18 15:13:46 [http-nio-8080-exec-9] INFO  com.revhire.service.ApplicationService - Notification sent to userId=2
2026-02-18 15:17:55 [main] INFO  com.revhire.repository.UserRepositoryTest - Starting UserRepositoryTest using Java 21.0.9 with PID 22632 (started by Admin in C:\Users\Admin\Downloads\RevHire_Phase2)
2026-02-18 15:17:55 [main] DEBUG com.revhire.repository.UserRepositoryTest - Running with Spring Boot v3.3.2, Spring v6.1.11
2026-02-18 15:17:55 [main] INFO  com.revhire.repository.UserRepositoryTest - No active profile set, falling back to 1 default profile: "default"
2026-02-18 15:18:04 [main] INFO  com.revhire.repository.UserRepositoryTest - Started UserRepositoryTest in 10.009 seconds (process running for 12.261)
2026-02-18 15:18:07 [main] INFO  com.revhire.service.ApplicationService - Shortlisting applicationId=1
2026-02-18 15:18:07 [main] INFO  com.revhire.service.ApplicationService - Application 1 shortlisted for job 'Java Developer'
2026-02-18 15:18:07 [main] INFO  com.revhire.service.ApplicationService - Notification sent to userId=null
2026-02-18 15:18:07 [main] INFO  com.revhire.service.ApplicationService - Shortlisting applicationId=99
2026-02-18 15:18:07 [main] ERROR com.revhire.service.ApplicationService - Application not found for id=99
2026-02-18 15:18:50 [main] INFO  com.revhire.repository.UserRepositoryTest - Starting UserRepositoryTest using Java 21.0.9 with PID 18116 (started by Admin in C:\Users\Admin\Downloads\RevHire_Phase2)
2026-02-18 15:18:50 [main] DEBUG com.revhire.repository.UserRepositoryTest - Running with Spring Boot v3.3.2, Spring v6.1.11
2026-02-18 15:18:50 [main] INFO  com.revhire.repository.UserRepositoryTest - No active profile set, falling back to 1 default profile: "default"
2026-02-18 15:19:00 [main] INFO  com.revhire.repository.UserRepositoryTest - Started UserRepositoryTest in 10.687 seconds (process running for 12.521)
2026-02-18 15:19:03 [main] INFO  com.revhire.service.ApplicationService - Shortlisting applicationId=1
2026-02-18 15:19:03 [main] INFO  com.revhire.service.ApplicationService - Application 1 shortlisted for job 'Java Developer'
2026-02-18 15:19:03 [main] INFO  com.revhire.service.ApplicationService - Notification sent to userId=null
2026-02-18 15:19:03 [main] INFO  com.revhire.service.ApplicationService - Shortlisting applicationId=99
2026-02-18 15:19:03 [main] ERROR com.revhire.service.ApplicationService - Application not found for id=99
2026-02-20 17:19:38 [main] INFO  com.revhire.RevHireApplication - Starting RevHireApplication using Java 21.0.9 with PID 5000 (C:\Users\Admin\Downloads\Telegram Desktop\RevHire\backend\target\classes started by Admin in C:\Users\Admin\Downloads\Telegram Desktop\RevHire\backend)
2026-02-20 17:19:38 [main] DEBUG com.revhire.RevHireApplication - Running with Spring Boot v3.3.2, Spring v6.1.11
2026-02-20 17:19:38 [main] INFO  com.revhire.RevHireApplication - No active profile set, falling back to 1 default profile: "default"
2026-02-20 17:19:49 [main] INFO  com.revhire.RevHireApplication - Started RevHireApplication in 11.724 seconds (process running for 13.519)
2026-02-20 17:26:21 [http-nio-8080-exec-5] INFO  com.revhire.service.ApplicationService - Fetching applications for jobId=1
2026-02-20 17:26:58 [http-nio-8080-exec-2] INFO  com.revhire.service.ApplicationService - Shortlisting applicationId=1
2026-02-20 17:26:58 [http-nio-8080-exec-2] INFO  com.revhire.service.ApplicationService - Application 1 shortlisted for job 'Java Developer'
2026-02-20 17:26:59 [http-nio-8080-exec-2] INFO  com.revhire.service.ApplicationService - Notification sent to userId=2
2026-02-20 17:26:59 [http-nio-8080-exec-6] INFO  com.revhire.service.ApplicationService - Fetching applications for jobId=1
2026-02-20 20:18:42 [main] INFO  com.revhire.RevHireApplication - Starting RevHireApplication using Java 21.0.9 with PID 4348 (C:\Users\Admin\Downloads\Telegram Desktop\RevHire\backend\target\classes started by Admin in C:\Users\Admin\Downloads\Telegram Desktop\RevHire\backend)
2026-02-20 20:18:42 [main] DEBUG com.revhire.RevHireApplication - Running with Spring Boot v3.3.2, Spring v6.1.11
2026-02-20 20:18:42 [main] INFO  com.revhire.RevHireApplication - No active profile set, falling back to 1 default profile: "default"
2026-02-20 20:18:48 [main] INFO  com.revhire.RevHireApplication - Started RevHireApplication in 6.159 seconds (process running for 6.9)
