2026-02-02 00:01:19 [main] INFO  com.revhire.RevHireApplication - Starting RevHireApplication using Java 21.0.9 with PID 2572 (C:\Users\Admin\Downloads\RevHire_Phase2\target\classes started by Admin in C:\Users\Admin\Downloads\RevHire_Phase2)
2026-02-02 00:01:19 [main] INFO  com.revhire.RevHireApplication - No active profile set, falling back to 1 default profile: "default"
2026-02-02 00:01:24 [main] INFO  com.revhire.RevHireApplication - Started RevHireApplication in 5.247 seconds (process running for 6.465)
2026-02-02 00:13:03 [main] INFO  com.revhire.RevHireApplication - Starting RevHireApplication using Java 21.0.9 with PID 19636 (C:\Users\Admin\Downloads\RevHire_Phase2\target\classes started by Admin in C:\Users\Admin\Downloads\RevHire_Phase2)
2026-02-02 00:13:03 [main] INFO  com.revhire.RevHireApplication - No active profile set, falling back to 1 default profile: "default"
2026-02-02 00:13:12 [main] INFO  com.revhire.RevHireApplication - Started RevHireApplication in 9.896 seconds (process running for 11.855)
2026-02-02 00:17:23 [main] INFO  com.revhire.RevHireApplication - Starting RevHireApplication using Java 21.0.9 with PID 5316 (C:\Users\Admin\Downloads\RevHire_Phase2\target\classes started by Admin in C:\Users\Admin\Downloads\RevHire_Phase2)
2026-02-02 00:17:23 [main] INFO  com.revhire.RevHireApplication - No active profile set, falling back to 1 default profile: "default"
2026-02-02 00:17:32 [main] INFO  com.revhire.RevHireApplication - Started RevHireApplication in 9.264 seconds (process running for 11.109)
2026-02-02 00:28:41 [main] INFO  com.revhire.RevHireApplication - Starting RevHireApplication using Java 21.0.9 with PID 19660 (C:\Users\Admin\Downloads\RevHire_Phase2\target\classes started by Admin in C:\Users\Admin\Downloads\RevHire_Phase2)
2026-02-02 00:28:41 [main] INFO  com.revhire.RevHireApplication - No active profile set, falling back to 1 default profile: "default"
2026-02-02 00:29:13 [main] INFO  com.revhire.RevHireApplication - Started RevHireApplication in 33.48 seconds (process running for 35.115)
2026-02-02 00:43:23 [main] INFO  com.revhire.RevHireApplication - Starting RevHireApplication using Java 21.0.9 with PID 14588 (C:\Users\Admin\Downloads\RevHire_Phase2\target\classes started by Admin in C:\Users\Admin\Downloads\RevHire_Phase2)
2026-02-02 00:43:23 [main] INFO  com.revhire.RevHireApplication - No active profile set, falling back to 1 default profile: "default"
2026-02-02 00:43:28 [main] INFO  com.revhire.RevHireApplication - Started RevHireApplication in 5.334 seconds (process running for 6.975)
2026-02-02 00:50:24 [main] INFO  com.revhire.RevHireApplication - Starting RevHireApplication using Java 21.0.9 with PID 18104 (C:\Users\Admin\Downloads\RevHire_Phase2\target\classes started by Admin in C:\Users\Admin\Downloads\RevHire_Phase2)
2026-02-02 00:50:24 [main] INFO  com.revhire.RevHireApplication - No active profile set, falling back to 1 default profile: "default"
2026-02-02 00:50:30 [main] INFO  com.revhire.RevHireApplication - Started RevHireApplication in 6.424 seconds (process running for 7.511)
2026-02-02 01:00:41 [main] INFO  com.revhire.RevHireApplication - Starting RevHireApplication using Java 21.0.9 with PID 15224 (C:\Users\Admin\Downloads\RevHire_Phase2\target\classes started by Admin in C:\Users\Admin\Downloads\RevHire_Phase2)
2026-02-02 01:00:41 [main] INFO  com.revhire.RevHireApplication - No active profile set, falling back to 1 default profile: "default"
2026-02-02 01:00:54 [main] INFO  com.revhire.RevHireApplication - Started RevHireApplication in 13.86 seconds (process running for 18.02)
2026-02-02 01:34:06 [main] INFO  com.revhire.repository.UserRepositoryTest - Starting UserRepositoryTest using Java 21.0.9 with PID 13700 (started by Admin in C:\Users\Admin\Downloads\RevHire_Phase2)
2026-02-02 01:34:06 [main] INFO  com.revhire.repository.UserRepositoryTest - No active profile set, falling back to 1 default profile: "default"
2026-02-02 01:34:14 [main] INFO  com.revhire.repository.UserRepositoryTest - Started UserRepositoryTest in 7.759 seconds (process running for 9.814)
2026-02-02 01:39:54 [main] INFO  com.revhire.repository.UserRepositoryTest - Starting UserRepositoryTest using Java 21.0.9 with PID 3416 (started by Admin in C:\Users\Admin\Downloads\RevHire_Phase2)
2026-02-02 01:39:54 [main] INFO  com.revhire.repository.UserRepositoryTest - No active profile set, falling back to 1 default profile: "default"
2026-02-02 01:40:00 [main] INFO  com.revhire.repository.UserRepositoryTest - Started UserRepositoryTest in 5.874 seconds (process running for 7.648)
2026-02-02 09:53:13 [main] INFO  com.revhire.repository.UserRepositoryTest - Starting UserRepositoryTest using Java 21.0.9 with PID 4988 (started by Admin in C:\Users\Admin\Downloads\RevHire_Phase2)
2026-02-02 09:53:13 [main] DEBUG com.revhire.repository.UserRepositoryTest - Running with Spring Boot v3.3.2, Spring v6.1.11
2026-02-02 09:53:13 [main] INFO  com.revhire.repository.UserRepositoryTest - No active profile set, falling back to 1 default profile: "default"
2026-02-02 09:53:29 [main] INFO  com.revhire.repository.UserRepositoryTest - Started UserRepositoryTest in 16.49 seconds (process running for 21.871)
2026-02-02 09:53:33 [main] INFO  com.revhire.service.ApplicationService - Shortlisting applicationId=1
2026-02-02 09:53:33 [main] INFO  com.revhire.service.ApplicationService - Application 1 shortlisted for job 'Java Developer'
2026-02-02 09:53:33 [main] INFO  com.revhire.service.ApplicationService - Notification sent to userId=null
2026-02-02 09:53:33 [main] INFO  com.revhire.service.ApplicationService - Shortlisting applicationId=99
2026-02-02 09:53:33 [main] ERROR com.revhire.service.ApplicationService - Application not found for id=99
2026-02-02 09:53:47 [main] INFO  com.revhire.RevHireApplication - Starting RevHireApplication using Java 21.0.9 with PID 9528 (C:\Users\Admin\Downloads\RevHire_Phase2\target\classes started by Admin in C:\Users\Admin\Downloads\RevHire_Phase2)
2026-02-02 09:53:47 [main] DEBUG com.revhire.RevHireApplication - Running with Spring Boot v3.3.2, Spring v6.1.11
2026-02-02 09:53:47 [main] INFO  com.revhire.RevHireApplication - No active profile set, falling back to 1 default profile: "default"
2026-02-02 09:53:54 [main] INFO  com.revhire.RevHireApplication - Started RevHireApplication in 7.859 seconds (process running for 10.195)
2026-02-02 09:59:27 [main] INFO  com.revhire.RevHireApplication - Starting RevHireApplication using Java 21.0.9 with PID 13492 (C:\Users\Admin\Downloads\RevHire_Phase2\target\classes started by Admin in C:\Users\Admin\Downloads\RevHire_Phase2)
2026-02-02 09:59:27 [main] DEBUG com.revhire.RevHireApplication - Running with Spring Boot v3.3.2, Spring v6.1.11
2026-02-02 09:59:27 [main] INFO  com.revhire.RevHireApplication - No active profile set, falling back to 1 default profile: "default"
2026-02-02 09:59:34 [main] INFO  com.revhire.RevHireApplication - Started RevHireApplication in 7.471 seconds (process running for 9.478)
2026-02-02 10:05:20 [main] INFO  com.revhire.RevHireApplication - Starting RevHireApplication using Java 21.0.9 with PID 11132 (C:\Users\Admin\Downloads\RevHire_Phase2\target\classes started by Admin in C:\Users\Admin\Downloads\RevHire_Phase2)
2026-02-02 10:05:20 [main] DEBUG com.revhire.RevHireApplication - Running with Spring Boot v3.3.2, Spring v6.1.11
2026-02-02 10:05:20 [main] INFO  com.revhire.RevHireApplication - No active profile set, falling back to 1 default profile: "default"
2026-02-02 10:05:29 [main] INFO  com.revhire.RevHireApplication - Started RevHireApplication in 8.771 seconds (process running for 10.1)
2026-02-02 10:20:01 [main] INFO  com.revhire.RevHireApplication - Starting RevHireApplication using Java 21.0.9 with PID 11092 (C:\Users\Admin\Downloads\RevHire_Phase2\target\classes started by Admin in C:\Users\Admin\Downloads\RevHire_Phase2)
2026-02-02 10:20:01 [main] DEBUG com.revhire.RevHireApplication - Running with Spring Boot v3.3.2, Spring v6.1.11
2026-02-02 10:20:01 [main] INFO  com.revhire.RevHireApplication - No active profile set, falling back to 1 default profile: "default"
2026-02-02 10:20:15 [main] INFO  com.revhire.RevHireApplication - Started RevHireApplication in 14.955 seconds (process running for 18.453)
2026-02-02 10:26:39 [main] INFO  com.revhire.RevHireApplication - Starting RevHireApplication using Java 21.0.9 with PID 20928 (C:\Users\Admin\Downloads\RevHire_Phase2\target\classes started by Admin in C:\Users\Admin\Downloads\RevHire_Phase2)
2026-02-02 10:26:39 [main] DEBUG com.revhire.RevHireApplication - Running with Spring Boot v3.3.2, Spring v6.1.11
2026-02-02 10:26:39 [main] INFO  com.revhire.RevHireApplication - No active profile set, falling back to 1 default profile: "default"
2026-02-02 10:26:48 [main] INFO  com.revhire.RevHireApplication - Started RevHireApplication in 9.427 seconds (process running for 11.71)
2026-02-02 10:46:30 [main] INFO  com.revhire.RevHireApplication - Starting RevHireApplication using Java 21.0.9 with PID 18752 (C:\Users\Admin\Downloads\RevHire_Phase2\target\classes started by Admin in C:\Users\Admin\Downloads\RevHire_Phase2)
2026-02-02 10:46:30 [main] DEBUG com.revhire.RevHireApplication - Running with Spring Boot v3.3.2, Spring v6.1.11
2026-02-02 10:46:30 [main] INFO  com.revhire.RevHireApplication - No active profile set, falling back to 1 default profile: "default"
2026-02-02 10:46:43 [main] INFO  com.revhire.RevHireApplication - Started RevHireApplication in 13.575 seconds (process running for 16.003)
2026-02-02 10:46:51 [http-nio-8080-exec-1] INFO  com.revhire.service.ApplicationService - Applying for jobId=1 by userId=1
2026-02-02 10:46:52 [http-nio-8080-exec-1] INFO  com.revhire.service.ApplicationService - Application created with applicationId=1
2026-02-02 10:52:04 [main] INFO  com.revhire.RevHireApplication - Starting RevHireApplication using Java 21.0.9 with PID 13488 (C:\Users\Admin\Downloads\RevHire_Phase2\target\classes started by Admin in C:\Users\Admin\Downloads\RevHire_Phase2)
2026-02-02 10:52:04 [main] DEBUG com.revhire.RevHireApplication - Running with Spring Boot v3.3.2, Spring v6.1.11
2026-02-02 10:52:04 [main] INFO  com.revhire.RevHireApplication - No active profile set, falling back to 1 default profile: "default"
2026-02-02 10:52:10 [main] INFO  com.revhire.RevHireApplication - Started RevHireApplication in 6.25 seconds (process running for 9.42)
2026-02-02 10:53:18 [http-nio-8080-exec-3] INFO  com.revhire.service.ApplicationService - Fetching applications for jobId=1
2026-02-02 10:53:42 [http-nio-8080-exec-4] INFO  com.revhire.service.ApplicationService - Shortlisting applicationId=1
2026-02-02 10:53:42 [http-nio-8080-exec-4] INFO  com.revhire.service.ApplicationService - Application 1 shortlisted for job 'Java Developer'
2026-02-02 10:53:42 [http-nio-8080-exec-4] INFO  com.revhire.service.ApplicationService - Notification sent to userId=1
2026-02-02 11:21:49 [main] INFO  com.revhire.repository.UserRepositoryTest - Starting UserRepositoryTest using Java 21.0.9 with PID 14284 (started by Admin in C:\Users\Admin\Downloads\RevHire_Phase2)
2026-02-02 11:21:49 [main] DEBUG com.revhire.repository.UserRepositoryTest - Running with Spring Boot v3.3.2, Spring v6.1.11
2026-02-02 11:21:49 [main] INFO  com.revhire.repository.UserRepositoryTest - No active profile set, falling back to 1 default profile: "default"
2026-02-02 11:21:55 [main] INFO  com.revhire.repository.UserRepositoryTest - Started UserRepositoryTest in 7.321 seconds (process running for 9.717)
2026-02-02 11:21:57 [main] INFO  com.revhire.service.ApplicationService - Shortlisting applicationId=1
2026-02-02 11:21:57 [main] INFO  com.revhire.service.ApplicationService - Application 1 shortlisted for job 'Java Developer'
2026-02-02 11:21:57 [main] INFO  com.revhire.service.ApplicationService - Notification sent to userId=null
2026-02-02 11:21:57 [main] INFO  com.revhire.service.ApplicationService - Shortlisting applicationId=99
2026-02-02 11:21:57 [main] ERROR com.revhire.service.ApplicationService - Application not found for id=99
2026-02-02 11:23:09 [main] INFO  com.revhire.RevHireApplication - Starting RevHireApplication using Java 21.0.9 with PID 11276 (C:\Users\Admin\Downloads\RevHire_Phase2\target\classes started by Admin in C:\Users\Admin\Downloads\RevHire_Phase2)
2026-02-02 11:23:09 [main] DEBUG com.revhire.RevHireApplication - Running with Spring Boot v3.3.2, Spring v6.1.11
2026-02-02 11:23:09 [main] INFO  com.revhire.RevHireApplication - No active profile set, falling back to 1 default profile: "default"
2026-02-02 11:23:17 [main] INFO  com.revhire.RevHireApplication - Started RevHireApplication in 8.092 seconds (process running for 9.579)
